SQL>  select sta, lat,lon from static_ref.site a where a.sta in ('I37H0','I37H1','I37H2','I37H3','I37H4','I37H5','I37H6','I37H7','I37H8','I37H9');

STA           LAT        LON                                                    
------ ---------- ----------                                                    
I37H0    69.07408   18.60763                                                    
I37H1    69.07578   18.60875                                                    
I37H1    69.07578   18.60875                                                    
I37H2    69.07331   18.61299                                                    
I37H2    69.07331   18.61299                                                    
I37H3    69.07302   18.60291                                                    
I37H3    69.07302   18.60291                                                    
I37H4    69.07789    18.6219                                                    
I37H4    69.07789    18.6219                                                    
I37H5    69.08214   18.61454                                                    
I37H5    69.08214   18.61454                                                    

STA           LAT        LON                                                    
------ ---------- ----------                                                    
I37H6    69.07658   18.63444                                                    
I37H6    69.07658   18.63444                                                    
I37H7    69.06884   18.61398                                                    
I37H7    69.06884   18.61398                                                    
I37H8    69.07048   18.58828                                                    
I37H8    69.07048   18.58828                                                    
I37H9    69.07709   18.59219                                                    
I37H9    69.07709   18.59219                                                    

19 rows selected.

SQL> spool off
